C51 COMPILER V9.01   UART                                                                  04/24/2023 08:04:38 PAGE 1   


C51 COMPILER V9.01, COMPILATION OF MODULE UART
OBJECT MODULE PLACED IN .\output\uart.obj
COMPILER INVOKED BY: E:\Keil_v4\C51\BIN\C51.EXE Mid_Driver\src\uart.c BROWSE INCDIR(.\App;.\Mid_Driver;.\Mid_Driver\inc)
                    - DEBUG OBJECTEXTEND PRINT(.\listing\uart.lst) OBJECT(.\output\uart.obj)

line level    source

   1          /*****************************************************************************/
   2          /** 
   3           * \file        uart.c
   4           * \author      Xiaoyu Ren
   5           * \brief       operations for UART module
   6           * \note        
   7           * \version     v0.1
   8           * \ingroup     UART
   9          ******************************************************************************/
  10          
  11          //#if COMPILE_UART
  12          
  13          #include "uart.h"
  14          
  15          
  16          
  17          /*****************************************************************************/
  18          /** 
  19           * \author      Xiaoyu Ren
  20           * \date        
  21           * \brief       switch uart port pins
  22           * \param[in]   uart: expected uart
  23           * \param[in]   UART_PortPin: expected PortPins
  24           * \return      none
  25           * \ingroup     UART
  26           * \remarks     
  27          ******************************************************************************/
  28          void UART_switchPort(UART_Port_t uart, uint8_t UART_PortPin)
  29          {
  30   1          switch (uart)
  31   1          {
  32   2              case PERIPH_UART1:
  33   2                  CONFB(P_SW1, 6, TESTB(UART_PortPin, 0));
  34   2                  CONFB(P_SW1, 7, TESTB(UART_PortPin, 1));
  35   2                  break;
  36   2              case PERIPH_UART2:
  37   2                  CONFB(P_SW2, 0, UART_PortPin);
  38   2                  break;
  39   2              case PERIPH_UART3:
  40   2                  CONFB(P_SW2, 1, UART_PortPin);
  41   2                  break;
  42   2              case PERIPH_UART4:
  43   2                  CONFB(P_SW2, 2, UART_PortPin);
  44   2                  break;
  45   2              default:
  46   2                  break;
  47   2          }
  48   1      }
  49          
  50          /*****************************************************************************/
  51          /** 
  52           * \author      Weilun Fong
  53           * \author      Xiaoyu Ren
  54           * \date        
C51 COMPILER V9.01   UART                                                                  04/24/2023 08:04:38 PAGE 2   

  55           * \brief       enable or disable interrupt of UART
  56           * \param[in]   uart: expected uart
  57           * \param[in]   a: expected state
  58           * \return      none
  59           * \ingroup     UART
  60           * \remarks     
  61          ******************************************************************************/
  62          void UART_INT_cmd(UART_Port_t uart, Action a)
  63          {
  64   1          switch (uart)
  65   1          {
  66   2              case PERIPH_UART1:
  67   2                  ES = a;
  68   2                  break;
  69   2              case PERIPH_UART2:
  70   2                  CONFB(IE2, BIT_NUM_IE2_ES2, a);
  71   2                  break;
  72   2              case PERIPH_UART3:
  73   2                  CONFB(IE2, BIT_NUM_IE2_ES3, a);
  74   2                  break;
  75   2              case PERIPH_UART4:
  76   2                  CONFB(IE2, BIT_NUM_IE2_ES4, a);
  77   2                  break;
  78   2              default:
  79   2                  break;
  80   2          }
  81   1          
  82   1      }
  83          
  84          /*****************************************************************************/
  85          /** 
  86           * \author      Weilun Fong
  87           * \author      Xiaoyu Ren
  88           * \date        
  89           * \brief       configure interrupt priority class of UART
  90           * \param[in]   uart: expected uart
  91           * \param[in]   p: expected interrupt priority class
  92           * \return      none
  93           * \ingroup     UART
  94           * \remarks     
  95          ******************************************************************************/
  96          void UART_INT_setPriority(UART_Port_t uart, UTIL_interruptPriority p)
  97          {
  98   1          switch (uart)
  99   1          {
 100   2              case PERIPH_UART1:
 101   2                  PS = TESTB(p, 0);
 102   2                  CONFB(IPH, BIT_NUM_PSH, TESTB(p, 1));
 103   2                  break;
 104   2              case PERIPH_UART2:
 105   2                  CONFB(IP2, BIT_NUM_PS2, TESTB(p, 0));
 106   2                  CONFB(IP2H, BIT_NUM_PS2H, TESTB(p, 1));
 107   2                  break;
 108   2              case PERIPH_UART3:
 109   2                  CONFB(IP3, BIT_NUM_PS3, TESTB(p, 0));
 110   2                  CONFB(IP3H, BIT_NUM_PS3H, TESTB(p, 1));
 111   2                  break;
 112   2              case PERIPH_UART4:
 113   2                  CONFB(IP3, BIT_NUM_PS4, TESTB(p, 0));
 114   2                  CONFB(IP3H, BIT_NUM_PS4H, TESTB(p, 1));
 115   2                  break;
 116   2              default:
C51 COMPILER V9.01   UART                                                                  04/24/2023 08:04:38 PAGE 3   

 117   2                  break;
 118   2          }
 119   1          
 120   1         
 121   1      }
 122          
 123          
 124          /*****************************************************************************/
 125          /** 
 126           * \author      Jiabin Hsu
 127           * \author      Xiaoyu Ren
 128           * \date        
 129           * \brief       select a timer as baudrate generator
 130           * \param[in]   uart: expected uart
 131           * \param[in]   tim: target timer
 132           * \return      none
 133           * \ingroup     UART
 134           * \remarks     when parameter uart = PERIPH_UART1, parameter tim must be PERIPH_TIM_1 or PERIPH_TIM_2
 135           *              when parameter uart = PERIPH_UART2, parameter tim must be PERIPH_TIM_2
 136           *              when parameter uart = PERIPH_UART3, parameter tim must be PERIPH_TIM_2 or PERIPH_TIM_3
 137           *              when parameter uart = PERIPH_UART4, parameter tim must be PERIPH_TIM_2 or PERIPH_TIM_4
 138          ******************************************************************************/
 139          void UART_switchTim(UART_Port_t uart, PERIPH_TIM tim)
 140          {
 141   1          switch (uart)
 142   1          {
 143   2              case PERIPH_UART1:
 144   2                  if (tim == PERIPH_TIM_1)
 145   2                  {
 146   3                      CONFB(AUXR, BIT_NUM_S1ST2, 0);
 147   3                  }
 148   2                  else if (tim == PERIPH_TIM_2)
 149   2                  {
 150   3                      CONFB(AUXR, BIT_NUM_S1ST2, 1);
 151   3                  }
 152   2                  break;
 153   2              case PERIPH_UART2:
 154   2                  break;
 155   2              case PERIPH_UART3:
 156   2                  if (tim == PERIPH_TIM_2)
 157   2                  {
 158   3                      CONFB(S3CON, BIT_NUM_S3CON_S3ST3, 0);
 159   3                  }
 160   2                  else if (tim == PERIPH_TIM_3)
 161   2                  {
 162   3                      CONFB(S3CON, BIT_NUM_S3CON_S3ST3, 1);
 163   3                  }
 164   2                  break;
 165   2              case PERIPH_UART4:
 166   2                  if (tim == PERIPH_TIM_2)
 167   2                  {
 168   3                      CONFB(S4CON, BIT_NUM_S4CON_S4ST4, 0);
 169   3                  }
 170   2                  else if (tim == PERIPH_TIM_4)
 171   2                  {
 172   3                      CONFB(S4CON, BIT_NUM_S4CON_S4ST4, 1);
 173   3                  }
 174   2                  break;
 175   2              default:
 176   2                  break;
 177   2          }
 178   1      
C51 COMPILER V9.01   UART                                                                  04/24/2023 08:04:38 PAGE 4   

 179   1      }
 180          
 181          /*****************************************************************************/
 182          /** 
 183           * \author      Weilun Fong
 184           * \author      Xiaoyu Ren
 185           * \date        
 186           * \brief       set work mode of UART module
 187           * \param[in]   uart: expected uart
 188           * \param[in]   mode: expected work mode
 189           * \return      none
 190           * \ingroup     UART
 191           * \remarks     
 192          ******************************************************************************/
 193          void UART_setMode(UART_Port_t uart, uint8_t mode)
 194          {
 195   1          switch (uart)
 196   1          {
 197   2              case PERIPH_UART1:
 198   2                  SCON = (SCON & 0x3F) | ((uint8_t)mode << 0x6);
 199   2                  break;
 200   2              case PERIPH_UART2:
 201   2                  CONFB(S2CON, BIT_NUM_S2CON_S2SM0, mode);
 202   2                  break;
 203   2              case PERIPH_UART3:
 204   2                  CONFB(S3CON, BIT_NUM_S3CON_S3SM0, mode);
 205   2                  break;
 206   2              case PERIPH_UART4:
 207   2                  CONFB(S4CON, BIT_NUM_S4CON_S4SM0, mode);
 208   2                  break;
 209   2              default:
 210   2                  break;
 211   2          }
 212   1          
 213   1      }
 214          
 215          /*****************************************************************************/
 216          /** 
 217           * \author      Weilun Fong
 218           * \author      Xiaoyu Ren
 219           * \date        
 220           * \brief       enable or disable receive function
 221           * \param[in]   uart: expected uart
 222           * \param[in]   a: expected state
 223           * \return      none
 224           * \ingroup     UART
 225           * \remarks     
 226          ******************************************************************************/
 227          void UART_cmd_receive(UART_Port_t uart, Action a)
 228          {
 229   1          switch (uart)
 230   1          {
 231   2              case PERIPH_UART1:
 232   2                  REN = a;
 233   2                  break;
 234   2              case PERIPH_UART2:
 235   2                  CONFB(S2CON, BIT_NUM_S2CON_S2REN, a);
 236   2                  break;
 237   2              case PERIPH_UART3:
 238   2                  CONFB(S3CON, BIT_NUM_S3CON_S3REN, a);
 239   2                  break;
 240   2              case PERIPH_UART4:
C51 COMPILER V9.01   UART                                                                  04/24/2023 08:04:38 PAGE 5   

 241   2                  CONFB(S4CON, BIT_NUM_S4CON_S4REN, a);
 242   2                  break;
 243   2              default:
 244   2                  break;
 245   2          }
 246   1          
 247   1      }
 248          
 249          
 250          
 251          /*****************************************************************************/
 252          /** 
 253           * \author      Weilun Fong
 254           * \author      Xiaoyu Ren
 255           * \date        
 256           * \brief       enable or disable multi-baudrate mode
 257           * \param[in]   uart: expected uart
 258           * \param[in]   a: expected state
 259           * \return      none
 260           * \ingroup     UART
 261           * \remarks     
 262          ******************************************************************************/
 263          void UART_cmd_multiBaudrate(UART_Port_t uart, Action a)
 264          {
 265   1          switch (uart)
 266   1          {
 267   2              case PERIPH_UART1:
 268   2                  CONFB(PCON, BIT_NUM_SMOD, a);
 269   2                  break;
 270   2              default:
 271   2                  break;
 272   2          }
 273   1          
 274   1      }
 275          
 276          
 277          
 278          /*****************************************************************************/
 279          /** 
 280           * \author      Jiabin Hsu
 281           * \author      Xiaoyu Ren
 282           * \date        
 283           * \brief       configure UART module
 284           * \param[in]   uc: the pointer of configuration struct
 285           * \return      none
 286           * \ingroup     UART
 287           * \remarks     
 288          ******************************************************************************/
 289          void UART_config(UART_configTypeDef *uc)
 290          {
 291   1          TIM_configTypeDef  tc;
 292   1          TIM2_configTypeDef tc2;
 293   1      
 294   1          UART_INT_cmd(uc->uart, uc->interruptState);
 295   1          UART_INT_setPriority(uc->uart, uc->interruptPriority);
 296   1          UART_cmd_multiBaudrate(uc->uart, uc->multiBaudrate);
 297   1          UART_setMode(uc->uart, uc->mode);
 298   1          UART_cmd_receive(uc->uart, uc->receiveState);
 299   1          UART_switchTim(uc->uart, uc->baudGenerator);
 300   1          UART_switchPort(uc->uart, uc->portPin);
 301   1      
 302   1          switch (uc->baudGenerator)
C51 COMPILER V9.01   UART                                                                  04/24/2023 08:04:38 PAGE 6   

 303   1          {
 304   2              case PERIPH_TIM_1:
 305   2              {
 306   3                  tc.function             = TIM_function_tim;     // timer 
 307   3                  tc.interruptState       = DISABLE;                  
 308   3                  tc.interruptPriority    = DISABLE;
 309   3                  tc.mode                 = TIM_mode_0;           // use mode 0 
 310   3                  tc.Frequency_1T_State   = ENABLE;               // 1T
 311   3                  tc.value                = UART_getBaudGeneratorInitValue(uc->baudrate, PERIPH_TIM_1);
 312   3                  TIM_config(PERIPH_TIM_1, &tc);
 313   3                  TIM_cmd(PERIPH_TIM_1, ENABLE); 
 314   3              } break; 
 315   2              case PERIPH_TIM_2:
 316   2              case PERIPH_TIM_3:
 317   2              case PERIPH_TIM_4:
 318   2              {
 319   3                  tc2.function            = TIM_function_tim;
 320   3                  tc2.interruptState      = DISABLE;
 321   3                  tc2.Frequency_1T_State  = ENABLE;
 322   3                  tc2.PS_value = 0x00;
 323   3                  tc2.value               = UART_getBaudGeneratorInitValue(uc->baudrate, uc->baudGenerator);
 324   3                  TIM2_config(uc->baudGenerator, &tc2);
 325   3                  TIM2_cmd(uc->baudGenerator,ENABLE);
 326   3              } break;  
 327   2              default: break;
 328   2          }
 329   1      }
 330          
 331          
 332          /*****************************************************************************/
 333          /** 
 334           * \author      Weilun Fong
 335           * \author      Xiaoyu Ren
 336           * \date        
 337           * \brief       calculate initial value of counter inside timer
 338           * \param[in]   baud: expected baud rate
 339           * \param[in]   tim : expected baudrate generator
 340           * \return      initial value of baudrate generator's counter register(if the 
 341           *              function returns 0x0000, it means overflow)
 342           * \ingroup     UART
 343           * \remarks     
 344          ******************************************************************************/
 345          uint16_t UART_getBaudGeneratorInitValue(uint32_t baud, PERIPH_TIM tim)
 346          {
 347   1          
 348   1          switch (tim)
 349   1          {
 350   2              case PERIPH_TIM_1:
 351   2              {
 352   3      
 353   3                  if (baud > __SYSCLOCK/4)
 354   3                  {
 355   4                      return 0x0000;
 356   4                  }
 357   3                  else
 358   3                  {
 359   4                      return (65536 - __SYSCLOCK/4/baud);
 360   4                  }
 361   3                
 362   3              } break;
 363   2              case PERIPH_TIM_2:
 364   2              case PERIPH_TIM_3:
C51 COMPILER V9.01   UART                                                                  04/24/2023 08:04:38 PAGE 7   

 365   2              case PERIPH_TIM_4:
 366   2              {
 367   3                  return ((65536 - (__SYSCLOCK/4/baud)));
 368   3              } break;
 369   2              default: return 0; break;
 370   2          }
 371   1      
 372   1      }
 373          
 374          
 375          
 376          /*****************************************************************************/
 377          /** 
 378           * \author      Weilun Fong
 379           * \author      Xiaoyu Ren
 380           * \date        2023/04/22
 381           * \brief       get result of UART receiver
 382           * \param[in]   uart: expected uart
 383           * \return      none
 384           * \ingroup     UART
 385           * \remarks     
 386          ******************************************************************************/
 387          byte UART_getByte(UART_Port_t uart)
 388          {
 389   1          switch (uart)
 390   1          {
 391   2              case PERIPH_UART1:
 392   2                  return SBUF;
 393   2                  break;
 394   2              case PERIPH_UART2:
 395   2                  return S2BUF;
 396   2                  break;
 397   2              case PERIPH_UART3:
 398   2                  return S3BUF;
 399   2                  break;
 400   2              case PERIPH_UART4:
 401   2                  return S4BUF;
 402   2                  break;
 403   2              default:
 404   2                  return 0;
 405   2                  break;
 406   2          }
 407   1          
 408   1      }
 409          
 410          
 411          /*****************************************************************************/
 412          /** 
 413           * \author      Weilun Fong
 414           * \author      Xiaoyu Ren
 415           * \date        2023/04/22
 416           * \brief       check if UART module has received one byte of data or not
 417           * \param[in]   uart: expected uart
 418           * \return      value of bit TI
 419           * \ingroup     UART
 420           * \remarks     
 421          ******************************************************************************/
 422          FunctionalState UART_isReceived(UART_Port_t uart)
 423          {
 424   1          switch (uart)
 425   1          {
 426   2              case PERIPH_UART1:
C51 COMPILER V9.01   UART                                                                  04/24/2023 08:04:38 PAGE 8   

 427   2                  return (FunctionalState)RI;
 428   2                  break;
 429   2              case PERIPH_UART2:
 430   2                  return (FunctionalState)GET_BIT(S2CON,BIT_NUM_S2CON_S2RI);
 431   2                  break;
 432   2              case PERIPH_UART3:
 433   2                  return (FunctionalState)GET_BIT(S3CON,BIT_NUM_S3CON_S3RI);
 434   2                  break;
 435   2              case PERIPH_UART4:
 436   2                  return (FunctionalState)GET_BIT(S4CON,BIT_NUM_S4CON_S4RI);
 437   2                  break;
 438   2              default:
 439   2                  return 0;
 440   2                  break;
 441   2          }
 442   1          
 443   1      }
 444          
 445          /*****************************************************************************/
 446          /** 
 447           * \author      Xiaoyu Ren
 448           * \date        2023/04/24
 449           * \brief       Clear Receive Flag after Interrupt
 450           * \param[in]   uart: expected uart
 451           * \return      
 452           * \ingroup     UART
 453           * \remarks     
 454          ******************************************************************************/
 455          void UART_clearReceiveFlag(UART_Port_t uart)
 456          {
 457   1          switch (uart)
 458   1          {
 459   2              case PERIPH_UART1:
 460   2                  RI = RESET;
 461   2                  break;
 462   2              case PERIPH_UART2:
 463   2                  CLR_BIT_MASK(S2CON,BIT_NUM_S2CON_S2RI);
 464   2                  break;
 465   2              case PERIPH_UART3:
 466   2                  CLR_BIT_MASK(S3CON,BIT_NUM_S3CON_S3RI);
 467   2                  break;
 468   2              case PERIPH_UART4:
 469   2                  CLR_BIT_MASK(S4CON,BIT_NUM_S4CON_S4RI);
 470   2                  break;
 471   2              default:
 472   2                  break;
 473   2          }
 474   1      }
 475          
 476          /*****************************************************************************/
 477          /** 
 478           * \author      Weilun Fong
 479           * \author      Xiaoyu Ren
 480           * \date        2023/04/22
 481           * \brief       check if UART module has transmitted one byte of data or not
 482           * \param[in]   uart: expected uart
 483           * \return      value of bit RI
 484           * \ingroup     UART
 485           * \remarks     
 486          ******************************************************************************/
 487          FunctionalState UART_isTransmitted(UART_Port_t uart)
 488          {
C51 COMPILER V9.01   UART                                                                  04/24/2023 08:04:38 PAGE 9   

 489   1          switch (uart)
 490   1          {
 491   2              case PERIPH_UART1:
 492   2                  return (FunctionalState)TI;
 493   2                  break;
 494   2              case PERIPH_UART2:
 495   2                  return (FunctionalState)GET_BIT(S2CON,BIT_NUM_S2CON_S2TI);
 496   2                  break;
 497   2              case PERIPH_UART3:
 498   2                  return (FunctionalState)GET_BIT(S3CON,BIT_NUM_S3CON_S3TI);
 499   2                  break;
 500   2              case PERIPH_UART4:
 501   2                  return (FunctionalState)GET_BIT(S4CON,BIT_NUM_S4CON_S4TI);
 502   2                  break;
 503   2              default:
 504   2                  return 0;
 505   2                  break;
 506   2          }
 507   1          
 508   1      }
 509          
 510          /*****************************************************************************/
 511          /** 
 512           * \author      Weilun Fong
 513           * \author      Xiaoyu Ren
 514           * \date        2023/04/22
 515           * \brief       send one byte of data via UART
 516           * \param[in]   uart: expected uart
 517           * \param[in]   dat: expected byte data
 518           * \return      none
 519           * \ingroup     UART
 520           * \remarks     
 521          ******************************************************************************/
 522          void UART_sendByte(UART_Port_t uart, byte dat)
 523          {
 524   1          switch (uart)
 525   1          {
 526   2              case PERIPH_UART1:
 527   2                  SBUF = dat;
 528   2                  while (!TI);
 529   2                  TI = RESET;
 530   2                  break;
 531   2              case PERIPH_UART2:
 532   2                  S2BUF = dat;
 533   2                  while (!GET_BIT(S2CON,BIT_NUM_S2CON_S2TI));
 534   2                  CLR_BIT_MASK(S2CON,BIT_NUM_S2CON_S2TI);
 535   2                  break;
 536   2              case PERIPH_UART3:
 537   2                  S3BUF = dat;
 538   2                  while (!GET_BIT(S3CON,BIT_NUM_S3CON_S3TI));
 539   2                  CLR_BIT_MASK(S3CON,BIT_NUM_S3CON_S3TI);
 540   2                  break;
 541   2              case PERIPH_UART4:
 542   2                  S4BUF = dat;
 543   2                  while (!GET_BIT(S4CON,BIT_NUM_S4CON_S4TI));
 544   2                  CLR_BIT_MASK(S4CON,BIT_NUM_S4CON_S4TI);
 545   2                  break;
 546   2              default:
 547   2                  break;
 548   2          }
 549   1         
 550   1      }
C51 COMPILER V9.01   UART                                                                  04/24/2023 08:04:38 PAGE 10  

 551          
 552          /*****************************************************************************/
 553          /** 
 554           * \author      Weilun Fong
 555           * \author      Xiaoyu Ren
 556           * \date        2023/04/22
 557           * \brief       output a hex number with character format via UART
 558           * \param[in]   uart: expected uart
 559           * \param[in]   hex: expected hex number(range: 0x0 ~ 0xF)
 560           * \return      none
 561           * \ingroup     UART
 562           * \remarks     
 563          ******************************************************************************/
 564          void UART_sendHex(UART_Port_t uart, uint8_t hex)
 565          {
 566   1          UART_sendByte(uart, hexTable[hex >> 0x4]);
 567   1          UART_sendByte(uart, hexTable[hex & 0xF]);
 568   1      }
 569          
 570          /*****************************************************************************/
 571          /** 
 572           * \author      Weilun Fong
 573           * \author      Xiaoyu Ren
 574           * \date        2023/04/22
 575           * \brief       send string via UART
 576           * \param[in]   uart: expected uart
 577           * \param[in]   str: pointer to target string
 578           * \return      none
 579           * \ingroup     UART
 580           * \remarks     the string must be end with '\0'
 581          ******************************************************************************/
 582          void UART_sendString(UART_Port_t uart, char *str)
 583          {
 584   1          switch (uart)
 585   1          {
 586   2              case PERIPH_UART1:
 587   2                  while (*str != '\0')
 588   2                  {
 589   3                      SBUF = *str;
 590   3                      while (!TI);
 591   3                      TI = RESET;          /* reset flag */
 592   3                      str++;
 593   3                  }
 594   2                  break;
 595   2              case PERIPH_UART2:
 596   2                  while (*str != '\0')
 597   2                  {
 598   3                      S2BUF = *str;
 599   3                      while (!GET_BIT(S2CON,BIT_NUM_S2CON_S2TI));
 600   3                      CLR_BIT_MASK(S2CON,BIT_NUM_S2CON_S2TI);
 601   3                      str++;
 602   3                  }
 603   2                  break;
 604   2              case PERIPH_UART3:
 605   2                  while (*str != '\0')
 606   2                  {
 607   3                      S3BUF = *str;
 608   3                      while (!GET_BIT(S3CON,BIT_NUM_S3CON_S3TI));
 609   3                      CLR_BIT_MASK(S3CON,BIT_NUM_S3CON_S3TI);
 610   3                      str++;
 611   3                  }
 612   2                  break;
C51 COMPILER V9.01   UART                                                                  04/24/2023 08:04:38 PAGE 11  

 613   2              case PERIPH_UART4:
 614   2                  while (*str != '\0')
 615   2                  {
 616   3                      S4BUF = *str;
 617   3                      while (!GET_BIT(S4CON,BIT_NUM_S4CON_S4TI));
 618   3                      CLR_BIT_MASK(S4CON,BIT_NUM_S4CON_S4TI);
 619   3                      str++;
 620   3                  }
 621   2                  break;
 622   2              default:
 623   2                  break;
 624   2          }
 625   1          
 626   1      }
 627          
 628          //#endif
 629          


MODULE INFORMATION:   STATIC OVERLAYABLE
   CODE SIZE        =   1238    ----
   CONSTANT SIZE    =   ----    ----
   XDATA SIZE       =   ----    ----
   PDATA SIZE       =   ----    ----
   DATA SIZE        =     16      21
   IDATA SIZE       =   ----    ----
   BIT SIZE         =   ----    ----
END OF MODULE INFORMATION.


C51 COMPILATION COMPLETE.  0 WARNING(S),  0 ERROR(S)
